%!Adobe-FontList 1.24
%Locale:0x409

%BeginFont
Handler:DirectoryHandler
FontType:Invalid
OutlineFileName:/Users/a/Documents/15 love website/15love_web_package/Document fonts/AdobeFnt24.lst
FileLength:2280
FileModTime:793587042
%EndFont

%BeginFont
Handler:DirectoryHandler
FontType:Type1
FontName:Inter-Regular
FamilyName:Inter
StyleName:Regular
MenuName:Inter
StyleBits:0
WeightClass:400
WidthClass:5
AngleClass:0
FullName:Inter
WritingScript:Roman
OutlineFileName:/Users/a/Documents/15 love website/15love_web_package/Document fonts/Inter Regular-5af3.otf
DataFormat:sfntData
UsesStandardEncoding:yes
isCFF:yes
hasSVG:no
hasSBIX:no
hasCOLR:no
VariableFontType:NonVariableFont
FileLength:254772
FileModTime:786035381
NameArray:0,Win,1,Inter
%EndFont

%BeginFont
Handler:DirectoryHandler
FontType:TrueType
FontName:TT2020StyleB-Regular
FamilyName:TT2020 Style B
StyleName:Regular
MenuName:TT2020 Style B
StyleBits:0
WeightClass:400
WidthClass:5
AngleClass:0
FullName:TT2020 Style B Regular
WritingScript:Roman
OutlineFileName:/Users/a/Documents/15 love website/15love_web_package/Document fonts/TT2020 Style B Regular-4409.otf
DataFormat:sfntData
hasSVG:no
hasSBIX:no
hasCOLR:no
VariableFontType:NonVariableFont
FileLength:3528168
FileModTime:786035407
NameArray:0,Mac,4,TT2020 Style B Regular
NameArray:0,Win,1,TT2020 Style B
%EndFont

%BeginFont
Handler:DirectoryHandler
FontType:TrueType
FontName:TT2020StyleE-Regular
FamilyName:TT2020 Style E
StyleName:Regular
MenuName:TT2020 Style E
StyleBits:0
WeightClass:400
WidthClass:5
AngleClass:0
FullName:TT2020 Style E Regular
WritingScript:Roman
OutlineFileName:/Users/a/Documents/15 love website/15love_web_package/Document fonts/TT2020 Style E Regular-af9a.otf
DataFormat:sfntData
hasSVG:no
hasSBIX:no
hasCOLR:no
VariableFontType:NonVariableFont
FileLength:3290596
FileModTime:786035304
NameArray:0,Mac,4,TT2020 Style E Regular
NameArray:0,Win,1,TT2020 Style E
%EndFont

%BeginFont
Handler:DirectoryHandler
FontType:TrueType
FontName:TimesNewRomanPSMT
FamilyName:Times New Roman
StyleName:Regular
MenuName:Times New Roman
StyleBits:0
WeightClass:400
WidthClass:5
AngleClass:0
FullName:Times New Roman
WritingScript:Roman
OutlineFileName:/Users/a/Documents/15 love website/15love_web_package/Document fonts/Times New Roman.ttf
DataFormat:sfntData
hasSVG:no
hasSBIX:no
hasCOLR:no
VariableFontType:NonVariableFont
FileLength:834452
FileModTime:793587042
NameArray:0,Mac,4,Times New Roman
NameArray:0,Win,1,Times New Roman
%EndFont

